../bsp/ds1307.c:31:9:DS1307_Init	16	static
../bsp/ds1307.c:73:6:DS1307_SetCurrentTime	24	static
../bsp/ds1307.c:121:6:DS1307_SetCurrentDate	32	static
../bsp/ds1307.c:144:6:DS1307_GetCurrentTime	24	static
../bsp/ds1307.c:187:6:DS1307_GetCurrentDate	24	static
../bsp/ds1307.c:211:13:DS1307_I2CPinConfig	24	static
../bsp/ds1307.c:236:13:DS1307_I2CConfig	8	static
../bsp/ds1307.c:248:13:DS1307_I2CInterruptConfig	8	static
../bsp/ds1307.c:258:13:DS1307_Write	64	dynamic
../bsp/ds1307.c:276:16:DS1307_ReadByte	32	static
../bsp/ds1307.c:332:16:ConvertBinaryToBCD	24	static
../bsp/ds1307.c:351:16:ConvertBCDToBinary	32	static
../bsp/ds1307.c:376:6:I2C1_EV_IRQHandler	8	static
