../drivers/Src/stm32f407vg_adc_driver.c:34:6:ADC_PeriClockControl	16	static
../drivers/Src/stm32f407vg_adc_driver.c:87:6:ADC_PeripheralOnOffControl	16	static
../drivers/Src/stm32f407vg_adc_driver.c:119:9:ADC_GetFlagStatus	16	static
../drivers/Src/stm32f407vg_adc_driver.c:140:6:ADC_ClearFlag	16	static
../drivers/Src/stm32f407vg_adc_driver.c:184:6:ADC_Init	24	static
../drivers/Src/stm32f407vg_adc_driver.c:293:6:ADC_DeInit	4	static
../drivers/Src/stm32f407vg_adc_driver.c:313:6:ADC_Read	16	static
../drivers/Src/stm32f407vg_adc_driver.c:371:6:ADC_IRQInterruptConfig	16	static
../drivers/Src/stm32f407vg_adc_driver.c:426:6:ADC_IRQPriorityConfig	24	static
../drivers/Src/stm32f407vg_adc_driver.c:455:6:ADC_EnableIT	24	static
../drivers/Src/stm32f407vg_adc_driver.c:499:6:ADC_DisableIT	16	static
../drivers/Src/stm32f407vg_adc_driver.c:535:6:ADC_IRQHandling	24	static
../drivers/Src/stm32f407vg_adc_driver.c:613:6:ADC_StartADC	24	static
../drivers/Src/stm32f407vg_adc_driver.c:650:13:ADC_ApplicationEventCallBack	16	static
../drivers/Src/stm32f407vg_adc_driver.c:673:6:ADC_SequenceInit	24	static
../drivers/Src/stm32f407vg_adc_driver.c:728:13:ADC_SampleTimeInit	32	static
../drivers/Src/stm32f407vg_adc_driver.c:775:13:ADC_tStabDelay	16	static
../drivers/Src/stm32f407vg_adc_driver.c:798:13:ADC_HandleRead	24	static
