../drivers/Src/stm32f407vg_usart_driver.c:33:6:USART_PeriClockControl	16	static
../drivers/Src/stm32f407vg_usart_driver.c:104:6:USART_Init	24	static
../drivers/Src/stm32f407vg_usart_driver.c:196:6:USART_DeInit	16	static
../drivers/Src/stm32f407vg_usart_driver.c:241:6:USART_SendData	32	static
../drivers/Src/stm32f407vg_usart_driver.c:307:6:USART_ReceiveData	24	static
../drivers/Src/stm32f407vg_usart_driver.c:376:9:USART_SendDataIT	32	static
../drivers/Src/stm32f407vg_usart_driver.c:411:9:USART_ReceiveDataIT	32	static
../drivers/Src/stm32f407vg_usart_driver.c:447:6:USART_IRQInterruptConfig	16	static
../drivers/Src/stm32f407vg_usart_driver.c:507:6:USART_IRQPriorityConfig	24	static
../drivers/Src/stm32f407vg_usart_driver.c:538:6:USART_IRQHandling	32	static
../drivers/Src/stm32f407vg_usart_driver.c:860:6:USART_PeripheralControl	16	static
../drivers/Src/stm32f407vg_usart_driver.c:890:9:USART_GetFlagStatus	16	static
../drivers/Src/stm32f407vg_usart_driver.c:911:6:USART_ClearFlag	24	static
../drivers/Src/stm32f407vg_usart_driver.c:959:13:USART_ApplicationEventCallBack	16	static
../drivers/Src/stm32f407vg_usart_driver.c:984:13:USART_SetBaudRate	40	static
